// Jest Snapshot v1, https://goo.gl/fbAQLP

exports[`SmallMovieCard meets B21 and rendered correctly for auth'ed 1`] = `
<article
  className="small-movie-card catalog__movies-card"
>
  <div
    className="small-movie-card__image"
    id={1}
    onClick={[Function]}
    onMouseEnter={[Function]}
    onMouseLeave={[Function]}
  >
    <video
      controls={false}
      height="175"
      muted={true}
      poster="https://assets.htmlacademy.ru/intensives/javascript-3/film/preview/bronson.jpg"
      preload="none"
      src="https://upload.wikimedia.org/wikipedia/commons/transcoded/b/b3/Big_Buck_Bunny_Trailer_400p.ogv/Big_Buck_Bunny_Trailer_400p.ogv.360p.webm"
      width="280"
    />
  </div>
  <h3
    className="small-movie-card__title"
  >
    <a
      className="small-movie-card__link"
      href="/films/1"
      onClick={[Function]}
    >
      Bronson
    </a>
  </h3>
</article>
`;
